2026-08-05 14:35:29 | INFO | ML | === RUN START ===
2026-08-05 14:35:29 | INFO | ML | project=ML
2026-08-05 14:35:29 | INFO | ML | repo_dir=ml-06-serving
2026-08-05 14:35:29 | INFO | ML | python=3.14.5
2026-08-05 14:35:29 | INFO | ML | os=Darwin 20.6.0
2026-08-05 14:35:29 | INFO | ML | shell=zsh
2026-08-05 14:35:29 | INFO | ML | cwd=.
2026-08-05 14:35:29 | INFO | ML | github_actions=False
2026-08-05 14:35:29 | INFO | ML | === RUN START ===
2026-08-05 14:35:29 | INFO | ML | project=ML
2026-08-05 14:35:29 | INFO | ML | repo_dir=ml-06-serving
2026-08-05 14:35:29 | INFO | ML | python=3.14.5
2026-08-05 14:35:29 | INFO | ML | os=Darwin 20.6.0
2026-08-05 14:35:29 | INFO | ML | shell=zsh
2026-08-05 14:35:29 | INFO | ML | cwd=.
2026-08-05 14:35:29 | INFO | ML | github_actions=False
2026-08-05 14:35:29 | INFO | ML | ========================
2026-08-05 14:35:29 | INFO | ML | START main()
2026-08-05 14:35:29 | INFO | ML | ========================
2026-08-05 14:35:29 | INFO | ML | Load dataset..............
2026-08-05 14:35:29 | INFO | ML | Loading dataset: hours_scores_case
2026-08-05 14:35:29 | INFO | ML | Loaded: 10 rows, 6 columns
2026-08-05 14:35:29 | DEBUG | ML | 
   hours_studied  practice_quizzes  attendance_pct  sleep_hours  prior_score  score
0            2.0                 1              72          6.0           58     62
1            3.5                 2              80          6.5           61     68
2            4.0                 3              85          7.0           64     72
3            5.0                 3              88          7.5           66     76
4            6.0                 4              90          7.0           70     81
2026-08-05 14:35:29 | INFO | ML | Inspect dataset...........
2026-08-05 14:35:29 | INFO | ML | Column names
2026-08-05 14:35:29 | DEBUG | ML | ['hours_studied', 'practice_quizzes', 'attendance_pct', 'sleep_hours', 'prior_score', 'score']
2026-08-05 14:35:29 | INFO | ML | DataFrame info
2026-08-05 14:35:29 | INFO | ML | Dataset shape: 10 rows, 6 columns
2026-08-05 14:35:29 | INFO | ML | Check data quality........
2026-08-05 14:35:29 | INFO | ML | Missing values by column
2026-08-05 14:35:29 | DEBUG | ML | 
hours_studied       0
practice_quizzes    0
attendance_pct      0
sleep_hours         0
prior_score         0
score               0
dtype: int64
2026-08-05 14:35:29 | INFO | ML | Duplicate row count: 0
2026-08-05 14:35:29 | INFO | ML | Create clean view.........
2026-08-05 14:35:29 | INFO | ML | Creating clean modeling view
2026-08-05 14:35:29 | INFO | ML | Clean view: 10 rows, 6 columns
2026-08-05 14:35:29 | INFO | ML | Train supervised model....
2026-08-05 14:35:29 | INFO | ML | Training LinearRegression model
2026-08-05 14:35:29 | INFO | ML | Mean absolute error: 0.48
2026-08-05 14:35:29 | INFO | ML | R-squared: 1.00
2026-08-05 14:35:29 | INFO | ML | Predict one case..........
2026-08-05 14:35:29 | INFO | ML | Predicting one new case
2026-08-05 14:35:29 | INFO | ML | New case:
   hours_studied  practice_quizzes  attendance_pct  sleep_hours  prior_score
0            6.5                 4              92          7.0           72
2026-08-05 14:35:29 | INFO | ML | Predicted score: 83.4
2026-08-05 14:35:29 | INFO | ML | Create charts.............
2026-08-05 14:35:29 | INFO | ML | Creating chart: hours studied vs score
2026-08-05 14:35:31 | INFO | ML | Creating chart: model coefficients
2026-08-05 14:35:31 | INFO | ML | Got a figure Figure(1800x1000) and axes Axes(0.125,0.11;0.775x0.77) from plt.subplots().
2026-08-05 14:35:31 | INFO | ML | Summarize workflow........
2026-08-05 14:35:31 | INFO | ML | ========================
2026-08-05 14:35:31 | INFO | ML | SUMMARY
2026-08-05 14:35:31 | INFO | ML | ========================
2026-08-05 14:35:31 | INFO | ML | Dataset: hours_scores_case
2026-08-05 14:35:31 | INFO | ML | Original rows: 10
2026-08-05 14:35:31 | INFO | ML | Clean rows: 10
2026-08-05 14:35:31 | INFO | ML | Features: ['hours_studied', 'practice_quizzes', 'attendance_pct', 'sleep_hours', 'prior_score']
2026-08-05 14:35:31 | INFO | ML | Target: score
2026-08-05 14:35:31 | INFO | ML | ----- in a script, call plt.show() once at the end to display all charts -----
2026-08-05 14:35:31 | INFO | ML | ----- in a script, CLOSE the chart windows with the close button to CONTINUE -----
2026-08-05 14:35:34 | INFO | ML | Workflow complete
2026-08-05 14:35:34 | INFO | ML | IMPORTANT: This script creates chart windows.
2026-08-05 14:35:34 | INFO | ML | Close chart windows and terminate this process with CTRL+c as needed.
2026-08-05 14:35:34 | INFO | ML | ========================
2026-08-05 14:35:34 | INFO | ML | Executed successfully!
2026-08-05 14:35:34 | INFO | ML | ========================
2026-08-05 14:37:50 | INFO | M06 | === RUN START ===
2026-08-05 14:37:50 | INFO | M06 | project=M06
2026-08-05 14:37:50 | INFO | M06 | repo_dir=ml-06-serving
2026-08-05 14:37:50 | INFO | M06 | python=3.14.5
2026-08-05 14:37:50 | INFO | M06 | os=Darwin 20.6.0
2026-08-05 14:37:50 | INFO | M06 | shell=zsh
2026-08-05 14:37:50 | INFO | M06 | cwd=.
2026-08-05 14:37:50 | INFO | M06 | github_actions=False
2026-08-05 14:37:50 | INFO | M06 | Load data.................
2026-08-05 14:37:50 | INFO | M06 | Loading dataset: penguins
2026-08-05 14:37:50 | INFO | M06 | Loaded: 344 rows, 7 columns
2026-08-05 14:37:50 | INFO | M06 | Model rows (after dropping missing): 342
2026-08-05 14:37:50 | INFO | M06 | Split data................
2026-08-05 14:37:50 | INFO | M06 | Train instances: 273
2026-08-05 14:37:50 | INFO | M06 | Test instances:  69
2026-08-05 14:37:50 | INFO | M06 | Train model...............
2026-08-05 14:37:50 | INFO | M06 | Training RandomForestClassifier on 273 instances
2026-08-05 14:37:51 | INFO | M06 | Training complete
2026-08-05 14:37:51 | INFO | M06 | Evaluate model............
2026-08-05 14:37:51 | INFO | M06 | Test accuracy: 1.000
2026-08-05 14:37:51 | INFO | M06 | Save model................
2026-08-05 14:37:51 | INFO | M06 | Saved model to: artifacts/model.joblib
2026-08-05 14:37:51 | INFO | M06 | Summarize.................
2026-08-05 14:37:51 | INFO | M06 | ========================
2026-08-05 14:37:51 | INFO | M06 | SUMMARY
2026-08-05 14:37:51 | INFO | M06 | ========================
2026-08-05 14:37:51 | INFO | M06 | Dataset:  penguins
2026-08-05 14:37:51 | INFO | M06 | Target:   species
2026-08-05 14:37:51 | INFO | M06 | Features: ['bill_length_mm', 'bill_depth_mm', 'flipper_length_mm', 'body_mass_g']
2026-08-05 14:37:51 | INFO | M06 | Artifact: artifacts/model.joblib
2026-08-05 14:37:51 | INFO | M06 | ========================
2026-08-05 14:37:51 | INFO | M06 | ========================
2026-08-05 14:37:51 | INFO | M06 | Executed successfully!
2026-08-05 14:37:51 | INFO | M06 | ========================
2026-08-05 14:40:12 | INFO | M06 | === RUN START ===
2026-08-05 14:40:12 | INFO | M06 | project=M06
2026-08-05 14:40:12 | INFO | M06 | repo_dir=ml-06-serving
2026-08-05 14:40:12 | INFO | M06 | python=3.14.5
2026-08-05 14:40:12 | INFO | M06 | os=Darwin 20.6.0
2026-08-05 14:40:12 | INFO | M06 | shell=zsh
2026-08-05 14:40:12 | INFO | M06 | cwd=notebooks
2026-08-05 14:40:12 | INFO | M06 | github_actions=False
2026-08-05 14:40:16 | INFO | M06 | === RUN START ===
2026-08-05 14:40:16 | INFO | M06 | project=M06
2026-08-05 14:40:16 | INFO | M06 | repo_dir=ml-06-serving
2026-08-05 14:40:16 | INFO | M06 | python=3.14.5
2026-08-05 14:40:16 | INFO | M06 | os=Darwin 20.6.0
2026-08-05 14:40:16 | INFO | M06 | shell=zsh
2026-08-05 14:40:16 | INFO | M06 | cwd=notebooks
2026-08-05 14:40:16 | INFO | M06 | github_actions=False
2026-08-05 14:40:16 | INFO | M06 | Loading model from: artifacts/model.joblib
2026-08-05 14:40:16 | ERROR | M06 | Model file not found: artifacts/model.joblib
2026-08-05 14:44:42 | INFO | M06 | === RUN START ===
2026-08-05 14:44:42 | INFO | M06 | project=M06
2026-08-05 14:44:42 | INFO | M06 | repo_dir=ml-06-serving
2026-08-05 14:44:42 | INFO | M06 | python=3.14.5
2026-08-05 14:44:42 | INFO | M06 | os=Darwin 20.6.0
2026-08-05 14:44:42 | INFO | M06 | shell=zsh
2026-08-05 14:44:42 | INFO | M06 | cwd=notebooks
2026-08-05 14:44:42 | INFO | M06 | github_actions=False
2026-08-05 14:44:42 | INFO | M06 | Loading model from: artifacts/model.joblib
2026-08-05 14:44:42 | ERROR | M06 | Model file not found: artifacts/model.joblib
2026-08-05 14:52:05 | INFO | M06 | === RUN START ===
2026-08-05 14:52:05 | INFO | M06 | project=M06
2026-08-05 14:52:05 | INFO | M06 | repo_dir=ml-06-serving
2026-08-05 14:52:05 | INFO | M06 | python=3.14.5
2026-08-05 14:52:05 | INFO | M06 | os=Darwin 20.6.0
2026-08-05 14:52:05 | INFO | M06 | shell=zsh
2026-08-05 14:52:05 | INFO | M06 | cwd=notebooks
2026-08-05 14:52:05 | INFO | M06 | github_actions=False
2026-08-05 14:52:05 | INFO | M06 | Loading model from: artifacts/model.joblib
2026-08-05 14:52:05 | ERROR | M06 | Model file not found: artifacts/model.joblib
2026-08-05 14:54:29 | INFO | M06 | === RUN START ===
2026-08-05 14:54:29 | INFO | M06 | project=M06
2026-08-05 14:54:29 | INFO | M06 | repo_dir=ml-06-serving
2026-08-05 14:54:29 | INFO | M06 | python=3.14.5
2026-08-05 14:54:29 | INFO | M06 | os=Darwin 20.6.0
2026-08-05 14:54:29 | INFO | M06 | shell=zsh
2026-08-05 14:54:29 | INFO | M06 | cwd=.
2026-08-05 14:54:29 | INFO | M06 | github_actions=False
2026-08-05 14:54:29 | INFO | M06 | Loading model from: artifacts/model.joblib
2026-08-05 14:54:29 | INFO | M06 | Model loaded successfully
2026-08-05 14:54:30 | INFO | M06 | === RUN START ===
2026-08-05 14:54:30 | INFO | M06 | project=M06
2026-08-05 14:54:30 | INFO | M06 | repo_dir=ml-06-serving
2026-08-05 14:54:30 | INFO | M06 | python=3.14.5
2026-08-05 14:54:30 | INFO | M06 | os=Darwin 20.6.0
2026-08-05 14:54:30 | INFO | M06 | shell=zsh
2026-08-05 14:54:30 | INFO | M06 | cwd=.
2026-08-05 14:54:30 | INFO | M06 | github_actions=False
2026-08-05 14:54:30 | INFO | M06 | Confirming installation:
2026-08-05 14:54:30 | INFO | M06 |   python:       3.14.5
2026-08-05 14:54:30 | INFO | M06 |   pandas:       3.0.5
2026-08-05 14:54:30 | INFO | M06 | Model artifact will be saved to: artifacts/model.joblib
2026-08-05 14:55:12 | INFO | M06 | === RUN START ===
2026-08-05 14:55:12 | INFO | M06 | project=M06
2026-08-05 14:55:12 | INFO | M06 | repo_dir=ml-06-serving
2026-08-05 14:55:12 | INFO | M06 | python=3.14.5
2026-08-05 14:55:12 | INFO | M06 | os=Darwin 20.6.0
2026-08-05 14:55:12 | INFO | M06 | shell=zsh
2026-08-05 14:55:12 | INFO | M06 | cwd=.
2026-08-05 14:55:12 | INFO | M06 | github_actions=False
2026-08-05 14:55:13 | INFO | M06 | === RUN START ===
2026-08-05 14:55:13 | INFO | M06 | project=M06
2026-08-05 14:55:13 | INFO | M06 | repo_dir=ml-06-serving
2026-08-05 14:55:13 | INFO | M06 | python=3.14.5
2026-08-05 14:55:13 | INFO | M06 | os=Darwin 20.6.0
2026-08-05 14:55:13 | INFO | M06 | shell=zsh
2026-08-05 14:55:13 | INFO | M06 | cwd=.
2026-08-05 14:55:13 | INFO | M06 | github_actions=False
2026-08-05 14:55:13 | INFO | M06 | Loading model from: artifacts/model.joblib
2026-08-05 14:55:13 | INFO | M06 | Model loaded successfully
2026-08-05 14:55:13 | INFO | M06 | === RUN START ===
2026-08-05 14:55:13 | INFO | M06 | project=M06
2026-08-05 14:55:13 | INFO | M06 | repo_dir=ml-06-serving
2026-08-05 14:55:13 | INFO | M06 | python=3.14.5
2026-08-05 14:55:13 | INFO | M06 | os=Darwin 20.6.0
2026-08-05 14:55:13 | INFO | M06 | shell=zsh
2026-08-05 14:55:13 | INFO | M06 | cwd=.
2026-08-05 14:55:13 | INFO | M06 | github_actions=False
2026-08-05 14:55:13 | INFO | M06 | Confirming installation:
2026-08-05 14:55:13 | INFO | M06 |   python:       3.14.5
2026-08-05 14:55:13 | INFO | M06 |   pandas:       3.0.5
2026-08-05 14:55:13 | INFO | M06 | Model artifact will be saved to: artifacts/model.joblib
2026-08-05 14:56:16 | INFO | M06 | === RUN START ===
2026-08-05 14:56:16 | INFO | M06 | project=M06
2026-08-05 14:56:16 | INFO | M06 | repo_dir=ml-06-serving
2026-08-05 14:56:16 | INFO | M06 | python=3.14.5
2026-08-05 14:56:16 | INFO | M06 | os=Darwin 20.6.0
2026-08-05 14:56:16 | INFO | M06 | shell=zsh
2026-08-05 14:56:16 | INFO | M06 | cwd=.
2026-08-05 14:56:16 | INFO | M06 | github_actions=False
2026-08-05 14:56:16 | INFO | M06 | Confirming installation:
2026-08-05 14:56:16 | INFO | M06 |   python:       3.14.5
2026-08-05 14:56:16 | INFO | M06 |   pandas:       3.0.5
2026-08-05 14:56:16 | INFO | M06 | Model artifact will be saved to: artifacts/model.joblib
2026-08-05 14:56:16 | INFO | M06 | Loading dataset: penguins
2026-08-05 14:56:16 | INFO | M06 | Loading dataset: penguins
2026-08-05 14:56:16 | INFO | M06 | Loaded: 344 rows, 7 columns
2026-08-05 14:56:16 | INFO | M06 | Model rows (after dropping missing): 342
2026-08-05 14:56:16 | INFO | M06 | Model rows: 342
2026-08-05 14:56:16 | INFO | M06 | Classes in 'species': ['Adelie', 'Chinstrap', 'Gentoo']
2026-08-05 14:56:16 | INFO | M06 | Train instances: 273
2026-08-05 14:56:16 | INFO | M06 | Test instances:  69
2026-08-05 14:56:16 | INFO | M06 | Train instances: 273
2026-08-05 14:56:16 | INFO | M06 | Test instances:  69
2026-08-05 14:56:16 | INFO | M06 | Training RandomForestClassifier on 273 instances
2026-08-05 14:56:17 | INFO | M06 | Training complete
2026-08-05 14:56:17 | INFO | M06 | Saved model to: artifacts/model.joblib
2026-08-05 14:56:17 | INFO | M06 | Reloaded model from: artifacts/model.joblib
2026-08-05 14:56:17 | INFO | M06 | Valid payload -> {'prediction': 'Chinstrap'}
2026-08-05 14:56:17 | INFO | M06 | Invalid payload handled cleanly -> ValueError: Missing required feature: 'bill_depth_mm'
2026-08-05 14:56:18 | INFO | M06 | ========================
2026-08-05 14:56:18 | INFO | M06 | SUMMARY
2026-08-05 14:56:18 | INFO | M06 | ========================
2026-08-05 14:56:18 | INFO | M06 | Dataset:  penguins
2026-08-05 14:56:18 | INFO | M06 | Target:   species
2026-08-05 14:56:18 | INFO | M06 | Features: ['bill_length_mm', 'bill_depth_mm', 'flipper_length_mm', 'body_mass_g']
2026-08-05 14:56:18 | INFO | M06 | Artifact: artifacts/model.joblib
2026-08-05 14:56:18 | INFO | M06 | ========================
2026-08-05 15:12:49 | INFO | M06 | === RUN START ===
2026-08-05 15:12:49 | INFO | M06 | project=M06
2026-08-05 15:12:49 | INFO | M06 | repo_dir=ml-06-serving
2026-08-05 15:12:49 | INFO | M06 | python=3.14.5
2026-08-05 15:12:49 | INFO | M06 | os=Darwin 20.6.0
2026-08-05 15:12:49 | INFO | M06 | shell=zsh
2026-08-05 15:12:49 | INFO | M06 | cwd=.
2026-08-05 15:12:49 | INFO | M06 | github_actions=False
2026-08-05 15:12:49 | INFO | M06 | Confirming installation:
2026-08-05 15:12:49 | INFO | M06 |   python:       3.14.5
2026-08-05 15:12:49 | INFO | M06 |   pandas:       3.0.5
2026-08-05 15:12:49 | INFO | M06 | Model artifact will be saved to: artifacts/model.joblib
2026-08-05 15:12:53 | INFO | M06 | === RUN START ===
2026-08-05 15:12:53 | INFO | M06 | project=M06
2026-08-05 15:12:53 | INFO | M06 | repo_dir=ml-06-serving
2026-08-05 15:12:53 | INFO | M06 | python=3.14.5
2026-08-05 15:12:53 | INFO | M06 | os=Darwin 20.6.0
2026-08-05 15:12:53 | INFO | M06 | shell=zsh
2026-08-05 15:12:53 | INFO | M06 | cwd=.
2026-08-05 15:12:53 | INFO | M06 | github_actions=False
2026-08-05 15:12:53 | INFO | M06 | Confirming installation:
2026-08-05 15:12:53 | INFO | M06 |   python:       3.14.5
2026-08-05 15:12:53 | INFO | M06 |   pandas:       3.0.5
2026-08-05 15:12:53 | INFO | M06 | Model artifact will be saved to: artifacts/model.joblib
2026-08-05 15:12:53 | INFO | M06 | Loading dataset: penguins
2026-08-05 15:12:53 | INFO | M06 | Loading dataset: penguins
2026-08-05 15:12:53 | INFO | M06 | Loaded: 344 rows, 7 columns
2026-08-05 15:12:53 | INFO | M06 | Model rows (after dropping missing): 342
2026-08-05 15:12:53 | INFO | M06 | Model rows: 342
2026-08-05 15:12:53 | INFO | M06 | Classes in 'species': ['Adelie', 'Chinstrap', 'Gentoo']
2026-08-05 15:12:53 | INFO | M06 | Train instances: 273
2026-08-05 15:12:53 | INFO | M06 | Test instances:  69
2026-08-05 15:12:53 | INFO | M06 | Train instances: 273
2026-08-05 15:12:53 | INFO | M06 | Test instances:  69
2026-08-05 15:12:53 | INFO | M06 | Training RandomForestClassifier on 273 instances
2026-08-05 15:12:54 | INFO | M06 | Training complete
2026-08-05 15:12:54 | INFO | M06 | Saved model to: artifacts/model.joblib
2026-08-05 15:12:54 | INFO | M06 | Reloaded model from: artifacts/model.joblib
2026-08-05 15:12:54 | INFO | M06 | Valid payload -> {'prediction': 'Chinstrap'}
2026-08-05 15:12:54 | INFO | M06 | Invalid payload handled cleanly -> ValueError: Missing required feature: 'bill_depth_mm'
2026-08-05 15:12:54 | INFO | M06 | ========================
2026-08-05 15:12:54 | INFO | M06 | SUMMARY
2026-08-05 15:12:54 | INFO | M06 | ========================
2026-08-05 15:12:54 | INFO | M06 | Dataset:  penguins
2026-08-05 15:12:54 | INFO | M06 | Target:   species
2026-08-05 15:12:54 | INFO | M06 | Features: ['bill_length_mm', 'bill_depth_mm', 'flipper_length_mm', 'body_mass_g']
2026-08-05 15:12:54 | INFO | M06 | Artifact: artifacts/model.joblib
2026-08-05 15:12:54 | INFO | M06 | ========================
2026-08-07 12:59:11 | INFO | M06 | === RUN START ===
2026-08-07 12:59:11 | INFO | M06 | project=M06
2026-08-07 12:59:11 | INFO | M06 | repo_dir=ml-06-serving
2026-08-07 12:59:11 | INFO | M06 | python=3.14.5
2026-08-07 12:59:11 | INFO | M06 | os=Darwin 20.6.0
2026-08-07 12:59:11 | INFO | M06 | shell=zsh
2026-08-07 12:59:11 | INFO | M06 | cwd=.
2026-08-07 12:59:11 | INFO | M06 | github_actions=False
2026-08-07 12:59:11 | INFO | M06 | Loading model from: artifacts/model.joblib
2026-08-07 12:59:11 | INFO | M06 | Model loaded successfully
2026-08-07 12:59:18 | INFO | M06 | === RUN START ===
2026-08-07 12:59:18 | INFO | M06 | project=M06
2026-08-07 12:59:18 | INFO | M06 | repo_dir=ml-06-serving
2026-08-07 12:59:18 | INFO | M06 | python=3.14.5
2026-08-07 12:59:18 | INFO | M06 | os=Darwin 20.6.0
2026-08-07 12:59:18 | INFO | M06 | shell=zsh
2026-08-07 12:59:18 | INFO | M06 | cwd=.
2026-08-07 12:59:18 | INFO | M06 | github_actions=False
2026-08-07 12:59:18 | INFO | M06 | Loading model from: artifacts/model.joblib
2026-08-07 12:59:18 | INFO | M06 | Model loaded successfully
2026-08-07 13:42:11 | INFO | M06 | === RUN START ===
2026-08-07 13:42:11 | INFO | M06 | project=M06
2026-08-07 13:42:11 | INFO | M06 | repo_dir=ml-06-serving
2026-08-07 13:42:11 | INFO | M06 | python=3.14.5
2026-08-07 13:42:11 | INFO | M06 | os=Darwin 20.6.0
2026-08-07 13:42:11 | INFO | M06 | shell=zsh
2026-08-07 13:42:11 | INFO | M06 | cwd=.
2026-08-07 13:42:11 | INFO | M06 | github_actions=False
2026-08-07 13:42:11 | INFO | M06 | Loading model from: artifacts/model.joblib
2026-08-07 13:42:11 | INFO | M06 | Model loaded successfully
2026-08-07 13:42:22 | INFO | M06 | === RUN START ===
2026-08-07 13:42:22 | INFO | M06 | project=M06
2026-08-07 13:42:22 | INFO | M06 | repo_dir=ml-06-serving
2026-08-07 13:42:22 | INFO | M06 | python=3.14.5
2026-08-07 13:42:22 | INFO | M06 | os=Darwin 20.6.0
2026-08-07 13:42:22 | INFO | M06 | shell=zsh
2026-08-07 13:42:22 | INFO | M06 | cwd=.
2026-08-07 13:42:22 | INFO | M06 | github_actions=False
2026-08-07 13:42:22 | INFO | M06 | Loading model from: artifacts/model.joblib
2026-08-07 13:42:22 | INFO | M06 | Model loaded successfully
2026-08-07 13:42:30 | INFO | M06 | === RUN START ===
2026-08-07 13:42:30 | INFO | M06 | project=M06
2026-08-07 13:42:30 | INFO | M06 | repo_dir=ml-06-serving
2026-08-07 13:42:30 | INFO | M06 | python=3.14.5
2026-08-07 13:42:30 | INFO | M06 | os=Darwin 20.6.0
2026-08-07 13:42:30 | INFO | M06 | shell=zsh
2026-08-07 13:42:30 | INFO | M06 | cwd=.
2026-08-07 13:42:30 | INFO | M06 | github_actions=False
2026-08-07 13:42:30 | INFO | M06 | Loading model from: artifacts/model.joblib
2026-08-07 13:42:30 | INFO | M06 | Model loaded successfully
2026-08-07 13:42:34 | INFO | M06 | === RUN START ===
2026-08-07 13:42:34 | INFO | M06 | project=M06
2026-08-07 13:42:34 | INFO | M06 | repo_dir=ml-06-serving
2026-08-07 13:42:34 | INFO | M06 | python=3.14.5
2026-08-07 13:42:34 | INFO | M06 | os=Darwin 20.6.0
2026-08-07 13:42:34 | INFO | M06 | shell=zsh
2026-08-07 13:42:34 | INFO | M06 | cwd=.
2026-08-07 13:42:34 | INFO | M06 | github_actions=False
2026-08-07 13:42:34 | INFO | M06 | Loading model from: artifacts/model.joblib
2026-08-07 13:42:34 | INFO | M06 | Model loaded successfully
2026-08-07 13:42:45 | INFO | M06 | === RUN START ===
2026-08-07 13:42:45 | INFO | M06 | project=M06
2026-08-07 13:42:45 | INFO | M06 | repo_dir=ml-06-serving
2026-08-07 13:42:45 | INFO | M06 | python=3.14.5
2026-08-07 13:42:45 | INFO | M06 | os=Darwin 20.6.0
2026-08-07 13:42:45 | INFO | M06 | shell=zsh
2026-08-07 13:42:45 | INFO | M06 | cwd=.
2026-08-07 13:42:45 | INFO | M06 | github_actions=False
2026-08-07 13:42:45 | INFO | M06 | Loading model from: artifacts/model.joblib
2026-08-07 13:42:45 | INFO | M06 | Model loaded successfully
2026-08-07 13:42:48 | INFO | M06 | === RUN START ===
2026-08-07 13:42:48 | INFO | M06 | project=M06
2026-08-07 13:42:48 | INFO | M06 | repo_dir=ml-06-serving
2026-08-07 13:42:48 | INFO | M06 | python=3.14.5
2026-08-07 13:42:48 | INFO | M06 | os=Darwin 20.6.0
2026-08-07 13:42:48 | INFO | M06 | shell=zsh
2026-08-07 13:42:48 | INFO | M06 | cwd=.
2026-08-07 13:42:48 | INFO | M06 | github_actions=False
2026-08-07 13:42:48 | INFO | M06 | Loading model from: artifacts/model.joblib
2026-08-07 13:42:48 | INFO | M06 | Model loaded successfully
2026-08-07 13:42:59 | INFO | M06 | === RUN START ===
2026-08-07 13:42:59 | INFO | M06 | project=M06
2026-08-07 13:42:59 | INFO | M06 | repo_dir=ml-06-serving
2026-08-07 13:42:59 | INFO | M06 | python=3.14.5
2026-08-07 13:42:59 | INFO | M06 | os=Darwin 20.6.0
2026-08-07 13:42:59 | INFO | M06 | shell=zsh
2026-08-07 13:42:59 | INFO | M06 | cwd=.
2026-08-07 13:42:59 | INFO | M06 | github_actions=False
2026-08-07 13:42:59 | INFO | M06 | Loading model from: artifacts/model.joblib
2026-08-07 13:42:59 | INFO | M06 | Model loaded successfully
2026-08-07 13:43:38 | INFO | M06 | === RUN START ===
2026-08-07 13:43:38 | INFO | M06 | project=M06
2026-08-07 13:43:38 | INFO | M06 | repo_dir=ml-06-serving
2026-08-07 13:43:38 | INFO | M06 | python=3.14.5
2026-08-07 13:43:38 | INFO | M06 | os=Darwin 20.6.0
2026-08-07 13:43:38 | INFO | M06 | shell=zsh
2026-08-07 13:43:38 | INFO | M06 | cwd=.
2026-08-07 13:43:38 | INFO | M06 | github_actions=False
2026-08-07 13:43:38 | INFO | M06 | Loading model from: artifacts/model.joblib
2026-08-07 13:43:38 | INFO | M06 | Model loaded successfully
2026-08-07 13:43:42 | INFO | M06 | === RUN START ===
2026-08-07 13:43:42 | INFO | M06 | project=M06
2026-08-07 13:43:42 | INFO | M06 | repo_dir=ml-06-serving
2026-08-07 13:43:42 | INFO | M06 | python=3.14.5
2026-08-07 13:43:42 | INFO | M06 | os=Darwin 20.6.0
2026-08-07 13:43:42 | INFO | M06 | shell=zsh
2026-08-07 13:43:42 | INFO | M06 | cwd=.
2026-08-07 13:43:42 | INFO | M06 | github_actions=False
2026-08-07 13:43:42 | INFO | M06 | Loading model from: artifacts/model.joblib
2026-08-07 13:43:42 | INFO | M06 | Model loaded successfully
2026-08-07 13:44:18 | INFO | M06 | === RUN START ===
2026-08-07 13:44:18 | INFO | M06 | project=M06
2026-08-07 13:44:18 | INFO | M06 | repo_dir=ml-06-serving
2026-08-07 13:44:18 | INFO | M06 | python=3.14.5
2026-08-07 13:44:18 | INFO | M06 | os=Darwin 20.6.0
2026-08-07 13:44:18 | INFO | M06 | shell=zsh
2026-08-07 13:44:18 | INFO | M06 | cwd=.
2026-08-07 13:44:18 | INFO | M06 | github_actions=False
2026-08-07 13:44:18 | INFO | M06 | Loading model from: artifacts/model.joblib
2026-08-07 13:44:18 | INFO | M06 | Model loaded successfully
2026-08-07 13:44:23 | INFO | M06 | === RUN START ===
2026-08-07 13:44:23 | INFO | M06 | project=M06
2026-08-07 13:44:23 | INFO | M06 | repo_dir=ml-06-serving
2026-08-07 13:44:23 | INFO | M06 | python=3.14.5
2026-08-07 13:44:23 | INFO | M06 | os=Darwin 20.6.0
2026-08-07 13:44:23 | INFO | M06 | shell=zsh
2026-08-07 13:44:23 | INFO | M06 | cwd=.
2026-08-07 13:44:23 | INFO | M06 | github_actions=False
2026-08-07 13:44:23 | INFO | M06 | Loading model from: artifacts/model.joblib
2026-08-07 13:44:23 | INFO | M06 | Model loaded successfully
2026-08-07 13:52:21 | INFO | M06 | === RUN START ===
2026-08-07 13:52:21 | INFO | M06 | project=M06
2026-08-07 13:52:21 | INFO | M06 | repo_dir=ml-06-serving
2026-08-07 13:52:21 | INFO | M06 | python=3.14.5
2026-08-07 13:52:21 | INFO | M06 | os=Darwin 20.6.0
2026-08-07 13:52:21 | INFO | M06 | shell=zsh
2026-08-07 13:52:21 | INFO | M06 | cwd=.
2026-08-07 13:52:21 | INFO | M06 | github_actions=False
2026-08-07 13:52:21 | INFO | M06 | Load data.................
2026-08-07 13:52:21 | INFO | M06 | Loading dataset: penguins
2026-08-07 13:52:21 | INFO | M06 | Loaded: 344 rows, 7 columns
2026-08-07 13:52:21 | INFO | M06 | Model rows (after dropping missing): 342
2026-08-07 13:52:21 | INFO | M06 | Split data................
2026-08-07 13:52:22 | INFO | M06 | Train instances: 273
2026-08-07 13:52:22 | INFO | M06 | Test instances:  69
2026-08-07 13:52:22 | INFO | M06 | Train model...............
2026-08-07 13:52:22 | INFO | M06 | Training RandomForestClassifier on 273 instances
2026-08-07 13:52:22 | INFO | M06 | Training complete
2026-08-07 13:52:22 | INFO | M06 | Evaluate model............
2026-08-07 13:52:22 | INFO | M06 | Test accuracy: 1.000
2026-08-07 13:52:22 | INFO | M06 | Save model................
2026-08-07 13:52:22 | INFO | M06 | Saved model to: artifacts/model.joblib
2026-08-07 13:52:22 | INFO | M06 | Summarize.................
2026-08-07 13:52:22 | INFO | M06 | ========================
2026-08-07 13:52:22 | INFO | M06 | SUMMARY
2026-08-07 13:52:22 | INFO | M06 | ========================
2026-08-07 13:52:22 | INFO | M06 | Dataset:  penguins
2026-08-07 13:52:22 | INFO | M06 | Target:   species
2026-08-07 13:52:22 | INFO | M06 | Features: ['bill_length_mm', 'bill_depth_mm', 'flipper_length_mm', 'body_mass_g']
2026-08-07 13:52:22 | INFO | M06 | Artifact: artifacts/model.joblib
2026-08-07 13:52:22 | INFO | M06 | ========================
2026-08-07 13:52:22 | INFO | M06 | ========================
2026-08-07 13:52:22 | INFO | M06 | Executed successfully!
2026-08-07 13:52:22 | INFO | M06 | ========================
2026-08-07 13:53:20 | INFO | M06 | === RUN START ===
2026-08-07 13:53:20 | INFO | M06 | project=M06
2026-08-07 13:53:20 | INFO | M06 | repo_dir=ml-06-serving
2026-08-07 13:53:20 | INFO | M06 | python=3.14.5
2026-08-07 13:53:20 | INFO | M06 | os=Darwin 20.6.0
2026-08-07 13:53:20 | INFO | M06 | shell=zsh
2026-08-07 13:53:20 | INFO | M06 | cwd=.
2026-08-07 13:53:20 | INFO | M06 | github_actions=False
2026-08-07 13:53:20 | INFO | M06 | Loading model from: artifacts/model.joblib
2026-08-07 13:53:21 | INFO | M06 | Model loaded successfully
2026-08-07 13:53:26 | INFO | M06 | === RUN START ===
2026-08-07 13:53:26 | INFO | M06 | project=M06
2026-08-07 13:53:26 | INFO | M06 | repo_dir=ml-06-serving
2026-08-07 13:53:26 | INFO | M06 | python=3.14.5
2026-08-07 13:53:26 | INFO | M06 | os=Darwin 20.6.0
2026-08-07 13:53:26 | INFO | M06 | shell=zsh
2026-08-07 13:53:26 | INFO | M06 | cwd=.
2026-08-07 13:53:26 | INFO | M06 | github_actions=False
2026-08-07 13:53:26 | INFO | M06 | Loading model from: artifacts/model.joblib
2026-08-07 13:53:26 | INFO | M06 | Model loaded successfully
2026-08-07 13:54:10 | INFO | M06 | Prediction made from features [39.1, 18.7, 181.0, 3750.0]: Adelie
2026-08-07 13:55:42 | INFO | M06 | === RUN START ===
2026-08-07 13:55:42 | INFO | M06 | project=M06
2026-08-07 13:55:42 | INFO | M06 | repo_dir=ml-06-serving
2026-08-07 13:55:42 | INFO | M06 | python=3.14.5
2026-08-07 13:55:42 | INFO | M06 | os=Darwin 20.6.0
2026-08-07 13:55:42 | INFO | M06 | shell=zsh
2026-08-07 13:55:42 | INFO | M06 | cwd=.
2026-08-07 13:55:42 | INFO | M06 | github_actions=False
2026-08-07 13:55:42 | INFO | M06 | Loading model from: artifacts/model.joblib
2026-08-07 13:55:43 | INFO | M06 | Model loaded successfully
2026-08-07 15:42:28 | INFO | M06 | === RUN START ===
2026-08-07 15:42:28 | INFO | M06 | project=M06
2026-08-07 15:42:28 | INFO | M06 | repo_dir=ml-06-serving
2026-08-07 15:42:28 | INFO | M06 | python=3.14.5
2026-08-07 15:42:28 | INFO | M06 | os=Darwin 20.6.0
2026-08-07 15:42:28 | INFO | M06 | shell=zsh
2026-08-07 15:42:28 | INFO | M06 | cwd=.
2026-08-07 15:42:28 | INFO | M06 | github_actions=False
2026-08-07 15:42:28 | INFO | M06 | Loading dataset: Medical Cost Prediction
2026-08-07 15:42:50 | INFO | M06 | === RUN START ===
2026-08-07 15:42:50 | INFO | M06 | project=M06
2026-08-07 15:42:50 | INFO | M06 | repo_dir=ml-06-serving
2026-08-07 15:42:50 | INFO | M06 | python=3.14.5
2026-08-07 15:42:50 | INFO | M06 | os=Darwin 20.6.0
2026-08-07 15:42:50 | INFO | M06 | shell=zsh
2026-08-07 15:42:50 | INFO | M06 | cwd=.
2026-08-07 15:42:50 | INFO | M06 | github_actions=False
2026-08-07 15:42:50 | INFO | M06 | Loading dataset: Medical Cost Prediction
2026-08-07 15:43:25 | INFO | M06 | === RUN START ===
2026-08-07 15:43:25 | INFO | M06 | project=M06
2026-08-07 15:43:25 | INFO | M06 | repo_dir=ml-06-serving
2026-08-07 15:43:25 | INFO | M06 | python=3.14.5
2026-08-07 15:43:25 | INFO | M06 | os=Darwin 20.6.0
2026-08-07 15:43:25 | INFO | M06 | shell=zsh
2026-08-07 15:43:25 | INFO | M06 | cwd=.
2026-08-07 15:43:25 | INFO | M06 | github_actions=False
2026-08-07 15:43:25 | INFO | M06 | Loading dataset: Medical Cost Prediction
2026-08-07 15:45:13 | INFO | M06 | === RUN START ===
2026-08-07 15:45:13 | INFO | M06 | project=M06
2026-08-07 15:45:13 | INFO | M06 | repo_dir=ml-06-serving
2026-08-07 15:45:13 | INFO | M06 | python=3.14.5
2026-08-07 15:45:13 | INFO | M06 | os=Darwin 20.6.0
2026-08-07 15:45:13 | INFO | M06 | shell=zsh
2026-08-07 15:45:13 | INFO | M06 | cwd=.
2026-08-07 15:45:13 | INFO | M06 | github_actions=False
2026-08-07 15:45:13 | INFO | M06 | Loading dataset: Medical Cost Prediction
2026-08-07 15:46:14 | INFO | M06 | === RUN START ===
2026-08-07 15:46:14 | INFO | M06 | project=M06
2026-08-07 15:46:14 | INFO | M06 | repo_dir=ml-06-serving
2026-08-07 15:46:14 | INFO | M06 | python=3.14.5
2026-08-07 15:46:14 | INFO | M06 | os=Darwin 20.6.0
2026-08-07 15:46:14 | INFO | M06 | shell=zsh
2026-08-07 15:46:14 | INFO | M06 | cwd=.
2026-08-07 15:46:14 | INFO | M06 | github_actions=False
2026-08-07 15:46:14 | INFO | M06 | Loading dataset: Medical Cost Prediction
2026-08-07 15:46:14 | INFO | M06 | Loaded: 5000 rows (instances), 20 columns
2026-08-07 15:46:14 | INFO | M06 | Load data.................
2026-08-07 15:46:14 | INFO | M06 | Loading dataset: Medical Cost Prediction
2026-08-07 15:48:57 | INFO | M06 | === RUN START ===
2026-08-07 15:48:57 | INFO | M06 | project=M06
2026-08-07 15:48:57 | INFO | M06 | repo_dir=ml-06-serving
2026-08-07 15:48:57 | INFO | M06 | python=3.14.5
2026-08-07 15:48:57 | INFO | M06 | os=Darwin 20.6.0
2026-08-07 15:48:57 | INFO | M06 | shell=zsh
2026-08-07 15:48:57 | INFO | M06 | cwd=.
2026-08-07 15:48:57 | INFO | M06 | github_actions=False
2026-08-07 15:48:57 | INFO | M06 | Load data.................
2026-08-07 15:48:57 | INFO | M06 | Loading dataset: Medical Cost Prediction
2026-08-07 15:48:58 | INFO | M06 | Loaded: 5000 rows (instances), 20 columns
2026-08-07 15:48:58 | INFO | M06 | Model rows after cleaning: 0
2026-08-07 15:48:58 | INFO | M06 | Split data................
2026-08-07 15:51:22 | INFO | M06 | === RUN START ===
2026-08-07 15:51:22 | INFO | M06 | project=M06
2026-08-07 15:51:22 | INFO | M06 | repo_dir=ml-06-serving
2026-08-07 15:51:22 | INFO | M06 | python=3.14.5
2026-08-07 15:51:22 | INFO | M06 | os=Darwin 20.6.0
2026-08-07 15:51:22 | INFO | M06 | shell=zsh
2026-08-07 15:51:22 | INFO | M06 | cwd=.
2026-08-07 15:51:22 | INFO | M06 | github_actions=False
2026-08-07 15:51:22 | INFO | M06 | Load data.................
2026-08-07 15:51:22 | INFO | M06 | Loading dataset: Medical Cost Prediction
2026-08-07 15:51:22 | INFO | M06 | Loaded: 5000 rows (instances), 20 columns
2026-08-07 15:51:22 | INFO | M06 | Model rows after cleaning: 0
2026-08-07 15:51:22 | INFO | M06 | Split data................
2026-08-07 15:53:16 | INFO | M06 | === RUN START ===
2026-08-07 15:53:16 | INFO | M06 | project=M06
2026-08-07 15:53:16 | INFO | M06 | repo_dir=ml-06-serving
2026-08-07 15:53:16 | INFO | M06 | python=3.14.5
2026-08-07 15:53:16 | INFO | M06 | os=Darwin 20.6.0
2026-08-07 15:53:16 | INFO | M06 | shell=zsh
2026-08-07 15:53:16 | INFO | M06 | cwd=.
2026-08-07 15:53:16 | INFO | M06 | github_actions=False
2026-08-07 15:53:16 | INFO | M06 | Load data.................
2026-08-07 15:53:16 | INFO | M06 | Loading dataset: Medical Cost Prediction
2026-08-07 15:53:16 | INFO | M06 | Loaded: 5000 rows (instances), 20 columns
2026-08-07 15:53:16 | INFO | M06 | Model rows after cleaning: 5000
2026-08-07 15:53:16 | INFO | M06 | Split data................
2026-08-07 15:53:16 | INFO | M06 | Train instances: 4000
2026-08-07 15:53:16 | INFO | M06 | Test instances:  1000
2026-08-07 15:53:16 | INFO | M06 | Train model...............
2026-08-07 15:53:16 | INFO | M06 | Training RandomForestRegressor on 4000 instances
2026-08-07 15:53:19 | INFO | M06 | Training complete
2026-08-07 15:53:19 | INFO | M06 | Evaluate model............
2026-08-07 15:53:19 | INFO | M06 | Test MAE:  $5,114.45
2026-08-07 15:53:19 | INFO | M06 | Test RMSE: $6,612.79
2026-08-07 15:53:19 | INFO | M06 | Test R²:   0.103
2026-08-07 15:53:19 | INFO | M06 | Save model................
2026-08-07 15:53:20 | INFO | M06 | Saved model to: artifacts/model.joblib
2026-08-07 15:53:20 | INFO | M06 | Summarize.................
2026-08-07 15:53:20 | INFO | M06 | ========================
2026-08-07 15:53:20 | INFO | M06 | SUMMARY
2026-08-07 15:53:20 | INFO | M06 | ========================
2026-08-07 15:53:20 | INFO | M06 | Dataset:  Medical Cost Prediction
2026-08-07 15:53:20 | INFO | M06 | Target:   annual_medical_cost
2026-08-07 15:53:20 | INFO | M06 | Features: ['age', 'bmi', 'smoker', 'diabetes', 'hypertension', 'heart_disease', 'doctor_visits_per_year', 'hospital_admissions', 'medication_count', 'previous_year_cost']
2026-08-07 15:53:20 | INFO | M06 | Artifact: artifacts/model.joblib
2026-08-07 15:53:20 | INFO | M06 | ========================
2026-08-07 15:53:20 | INFO | M06 | ========================
2026-08-07 15:53:20 | INFO | M06 | Executed successfully!
2026-08-07 15:53:20 | INFO | M06 | ========================
2026-08-07 15:59:55 | INFO | M06 | === RUN START ===
2026-08-07 15:59:55 | INFO | M06 | project=M06
2026-08-07 15:59:55 | INFO | M06 | repo_dir=ml-06-serving
2026-08-07 15:59:55 | INFO | M06 | python=3.14.5
2026-08-07 15:59:55 | INFO | M06 | os=Darwin 20.6.0
2026-08-07 15:59:55 | INFO | M06 | shell=zsh
2026-08-07 15:59:55 | INFO | M06 | cwd=notebooks
2026-08-07 15:59:55 | INFO | M06 | github_actions=False
2026-08-07 15:59:56 | INFO | M06 | === RUN START ===
2026-08-07 15:59:56 | INFO | M06 | project=M06
2026-08-07 15:59:56 | INFO | M06 | repo_dir=ml-06-serving
2026-08-07 15:59:56 | INFO | M06 | python=3.14.5
2026-08-07 15:59:56 | INFO | M06 | os=Darwin 20.6.0
2026-08-07 15:59:56 | INFO | M06 | shell=zsh
2026-08-07 15:59:56 | INFO | M06 | cwd=notebooks
2026-08-07 15:59:56 | INFO | M06 | github_actions=False
2026-08-07 15:59:56 | INFO | M06 | Loading model from: artifacts/model.joblib
2026-08-07 15:59:56 | ERROR | M06 | Model file not found: artifacts/model.joblib
2026-08-07 16:01:55 | INFO | M06 | === RUN START ===
2026-08-07 16:01:55 | INFO | M06 | project=M06
2026-08-07 16:01:55 | INFO | M06 | repo_dir=ml-06-serving
2026-08-07 16:01:55 | INFO | M06 | python=3.14.5
2026-08-07 16:01:55 | INFO | M06 | os=Darwin 20.6.0
2026-08-07 16:01:55 | INFO | M06 | shell=zsh
2026-08-07 16:01:55 | INFO | M06 | cwd=.
2026-08-07 16:01:55 | INFO | M06 | github_actions=False
2026-08-07 16:01:55 | INFO | M06 | Loading model from: artifacts/model.joblib
2026-08-07 16:01:55 | INFO | M06 | Model loaded successfully
2026-08-07 16:01:55 | INFO | M06 | === RUN START ===
2026-08-07 16:01:55 | INFO | M06 | project=M06
2026-08-07 16:01:55 | INFO | M06 | repo_dir=ml-06-serving
2026-08-07 16:01:55 | INFO | M06 | python=3.14.5
2026-08-07 16:01:55 | INFO | M06 | os=Darwin 20.6.0
2026-08-07 16:01:55 | INFO | M06 | shell=zsh
2026-08-07 16:01:55 | INFO | M06 | cwd=.
2026-08-07 16:01:55 | INFO | M06 | github_actions=False
2026-08-07 16:01:55 | INFO | M06 | Confirming installation:
2026-08-07 16:01:55 | INFO | M06 |   python:       3.14.5
2026-08-07 16:01:55 | INFO | M06 |   pandas:       3.0.5
2026-08-07 16:01:55 | INFO | M06 | Model artifact will be saved to: artifacts/model.joblib
2026-08-07 16:02:00 | INFO | M06 | Loading dataset: Medical Cost Prediction
2026-08-07 16:02:00 | INFO | M06 | Loading dataset: Medical Cost Prediction
2026-08-07 16:02:00 | INFO | M06 | Loaded: 5000 rows (instances), 20 columns
2026-08-07 16:02:00 | INFO | M06 | Model rows after cleaning: 5000
2026-08-07 16:02:00 | INFO | M06 | Model rows: 5000
2026-08-07 16:02:00 | INFO | M06 | Target: annual_medical_cost
2026-08-07 16:02:00 | INFO | M06 | Target range: $404.95 - $44,792.10
2026-08-07 16:02:04 | INFO | M06 | Train instances: 4000
2026-08-07 16:02:04 | INFO | M06 | Test instances:  1000
2026-08-07 16:02:04 | INFO | M06 | Train instances: 4000
2026-08-07 16:02:04 | INFO | M06 | Test instances:  1000
2026-08-07 16:02:21 | INFO | M06 | Train instances: 4000
2026-08-07 16:02:21 | INFO | M06 | Test instances:  1000
2026-08-07 16:02:21 | INFO | M06 | Train instances: 4000
2026-08-07 16:02:21 | INFO | M06 | Test instances:  1000
2026-08-07 16:02:25 | INFO | M06 | Training RandomForestRegressor on 4000 instances
2026-08-07 16:02:29 | INFO | M06 | Training complete
2026-08-07 16:02:31 | INFO | M06 | Saved model to: artifacts/model.joblib
2026-08-07 16:02:31 | INFO | M06 | Reloaded model from: artifacts/model.joblib
2026-08-07 16:02:38 | INFO | M06 | Prediction made from features [45.0, 31.2, 0.0, 1.0, 1.0, 0.0, 4.0, 1.0, 3.0, 8500.0]: 7855.437550000008
2026-08-07 16:02:38 | INFO | M06 | Valid payload -> {'predicted_annual_medical_cost': 7855.44}
2026-08-07 16:02:38 | INFO | M06 | Invalid payload handled cleanly -> ValueError: Missing required feature: 'smoker'
2026-08-07 16:02:49 | INFO | M06 | ========================
2026-08-07 16:02:49 | INFO | M06 | SUMMARY
2026-08-07 16:02:49 | INFO | M06 | ========================
2026-08-07 16:02:49 | INFO | M06 | Dataset:  Medical Cost Prediction
2026-08-07 16:02:49 | INFO | M06 | Target:   annual_medical_cost
2026-08-07 16:02:49 | INFO | M06 | Features: ['age', 'bmi', 'smoker', 'diabetes', 'hypertension', 'heart_disease', 'doctor_visits_per_year', 'hospital_admissions', 'medication_count', 'previous_year_cost']
2026-08-07 16:02:49 | INFO | M06 | Artifact: artifacts/model.joblib
2026-08-07 16:02:49 | INFO | M06 | ========================
2026-08-07 17:05:51 | INFO | M06 | === RUN START ===
2026-08-07 17:05:51 | INFO | M06 | project=M06
2026-08-07 17:05:51 | INFO | M06 | repo_dir=ml-06-serving
2026-08-07 17:05:51 | INFO | M06 | python=3.14.5
2026-08-07 17:05:51 | INFO | M06 | os=Darwin 20.6.0
2026-08-07 17:05:51 | INFO | M06 | shell=zsh
2026-08-07 17:05:51 | INFO | M06 | cwd=.
2026-08-07 17:05:51 | INFO | M06 | github_actions=False
2026-08-07 17:05:51 | INFO | M06 | Loading model from: artifacts/model.joblib
2026-08-07 17:05:51 | INFO | M06 | Model loaded successfully
2026-08-07 17:05:57 | INFO | M06 | === RUN START ===
2026-08-07 17:05:57 | INFO | M06 | project=M06
2026-08-07 17:05:57 | INFO | M06 | repo_dir=ml-06-serving
2026-08-07 17:05:57 | INFO | M06 | python=3.14.5
2026-08-07 17:05:57 | INFO | M06 | os=Darwin 20.6.0
2026-08-07 17:05:57 | INFO | M06 | shell=zsh
2026-08-07 17:05:57 | INFO | M06 | cwd=.
2026-08-07 17:05:57 | INFO | M06 | github_actions=False
2026-08-07 17:05:57 | INFO | M06 | Loading model from: artifacts/model.joblib
2026-08-07 17:05:58 | INFO | M06 | Model loaded successfully
2026-08-07 17:06:39 | INFO | M06 | === RUN START ===
2026-08-07 17:06:39 | INFO | M06 | project=M06
2026-08-07 17:06:39 | INFO | M06 | repo_dir=ml-06-serving
2026-08-07 17:06:39 | INFO | M06 | python=3.14.5
2026-08-07 17:06:39 | INFO | M06 | os=Darwin 20.6.0
2026-08-07 17:06:39 | INFO | M06 | shell=zsh
2026-08-07 17:06:39 | INFO | M06 | cwd=.
2026-08-07 17:06:39 | INFO | M06 | github_actions=False
2026-08-07 17:06:39 | INFO | M06 | Loading model from: artifacts/model.joblib
2026-08-07 17:06:40 | INFO | M06 | Model loaded successfully
2026-08-07 17:06:42 | INFO | M06 | Prediction made from features [45.0, 31.2, 0.0, 1.0, 1.0, 0.0, 4.0, 1.0, 3.0, 8500.0]: 7855.437550000008
